[2023-08-15T01:53:39.295] [INFO] default - Open page
[2023-08-15T01:53:40.661] [INFO] default - Login
[2023-08-15T01:53:48.259] [INFO] default - Open Kinopoisk
[2023-08-15T01:53:51.831] [INFO] default - Open Movie page
[2023-08-15T01:53:53.814] [INFO] default - Movie page
[2023-08-22T00:17:09.158] [INFO] default - Open page
[2023-08-22T00:17:11.087] [INFO] default - Login
[2023-08-22T00:17:20.869] [INFO] default - Open Kinopoisk
[2023-08-22T00:17:26.088] [INFO] default - Open Movie page
[2023-08-22T00:17:29.024] [INFO] default - Movie page
[2023-08-22T00:18:42.922] [INFO] default - Open page
[2023-08-22T00:18:44.120] [INFO] default - Login
[2023-08-22T00:18:48.065] [INFO] default - Open Kinopoisk
[2023-08-22T00:20:48.991] [INFO] default - Open page
[2023-08-22T00:20:50.269] [INFO] default - Login
[2023-08-22T00:20:57.803] [INFO] default - Open Kinopoisk
[2023-08-22T00:21:01.835] [INFO] default - Open Movie page
[2023-08-22T00:21:04.020] [INFO] default - Movie page
[2023-08-22T00:25:55.907] [INFO] default - Open page
[2023-08-22T00:25:57.207] [INFO] default - Login
[2023-08-22T00:26:01.226] [INFO] default - Open Kinopoisk
[2023-08-22T00:26:09.772] [INFO] default - Open Movie page
[2023-08-22T00:30:10.912] [INFO] default - Open page
[2023-08-22T00:30:12.638] [INFO] default - Login
[2023-08-22T00:30:20.153] [INFO] default - Open Kinopoisk
[2023-08-22T00:30:23.935] [INFO] default - Open Movie page
[2023-08-22T00:32:14.982] [INFO] default - Open page
[2023-08-22T00:32:16.178] [INFO] default - Login
[2023-08-22T00:32:20.215] [INFO] default - Open Kinopoisk
[2023-08-22T00:32:28.146] [INFO] default - Open Movie page
[2023-08-22T00:32:30.767] [INFO] default - Movie page
[2023-08-22T00:35:00.632] [INFO] default - Open page
[2023-08-22T00:35:01.595] [INFO] default - Login
[2023-08-22T00:35:05.163] [INFO] default - Open Kinopoisk
[2023-08-22T00:36:31.147] [INFO] default - Open page
[2023-08-22T00:36:32.226] [INFO] default - Login
[2023-08-22T00:36:35.656] [INFO] default - Open Kinopoisk
[2023-08-22T00:36:42.214] [INFO] default - Open Movie page
[2023-08-22T00:36:44.174] [INFO] default - Movie page
